// Jest Snapshot v1, https://goo.gl/fbAQLP

exports[`Should render AdminPage component 1`] = `
<div
  className="jumbotron"
>
  <AppHeader />
  <div
    className="container"
  >
    <div
      className="col-sm-8 col-sm-offset-2"
    >
      <Router
        history={
          Object {
            "action": "POP",
            "block": [Function],
            "createHref": [Function],
            "go": [Function],
            "goBack": [Function],
            "goForward": [Function],
            "length": 1,
            "listen": [Function],
            "location": Object {
              "hash": "",
              "pathname": "/",
              "search": "",
              "state": undefined,
            },
            "push": [Function],
            "replace": [Function],
          }
        }
      >
        <div>
          <PrivateRoute
            component={[Function]}
            exact={true}
            path="/"
          />
          <PrivateRoute
            component={[Function]}
            exact={true}
            path="/private"
          />
          <PrivateRoute
            component={[Function]}
            exact={true}
            path="/admin"
          />
          <Route
            component={[Function]}
            path="/login"
          />
          <Route
            component={[Function]}
            path="/register"
          />
        </div>
      </Router>
    </div>
  </div>
</div>
`;
